#-----------------------------------------------------------
# Vivado v2026.1 (64-bit)
# SW Build 6511674 on Tue Jun 16 11:02:23 MDT 2026
# IP Build 6504888 on Tue Jun 09 09:05:25 MDT 2026
# SharedData Build 6501428 on Mon Jun 08 17:34:18 MDT 2026
# Start of session at: Wed Sep 23 11:44:33 2026
# Process ID         : 21568
# Current directory  : C:/Users/harba/Classes/DigitalDesign/lab_2.1/lab_2.1/lab_2.1.runs/hdmi_tx_0_synth_1
# Command line       : vivado.exe -log hdmi_tx_0.vds -product Vivado -mode batch -messageDb vivado.pb -notrace -source hdmi_tx_0.tcl
# Log file           : C:/Users/harba/Classes/DigitalDesign/lab_2.1/lab_2.1/lab_2.1.runs/hdmi_tx_0_synth_1/hdmi_tx_0.vds
# Journal file       : C:/Users/harba/Classes/DigitalDesign/lab_2.1/lab_2.1/lab_2.1.runs/hdmi_tx_0_synth_1\vivado.jou
# Running On         : Jimmy
# Platform           : Windows 11
# Operating System   : 22631
# Processor Detail   : 12th Gen Intel(R) Core(TM) i7-12700H
# CPU Frequency      : 2688 MHz
# CPU Physical cores : 14
# CPU Logical cores  : 20
# Host memory        : 34014 MB
# Swap memory        : 22548 MB
# Total Virtual      : 56563 MB
# Available Virtual  : 32005 MB
#-----------------------------------------------------------
source hdmi_tx_0.tcl -notrace
